[2026-06-15T15:06:08.084+0000] {manager.py:470} INFO - Processing files using up to 2 processes at a time 
[2026-06-15T15:06:08.085+0000] {manager.py:471} INFO - Process each file at most once every 30 seconds
[2026-06-15T15:06:08.086+0000] {manager.py:472} INFO - Checking for new files in /opt/airflow/dags every 300 seconds
[2026-06-15T15:06:08.087+0000] {manager.py:737} INFO - Searching for files in /opt/airflow/dags
[2026-06-15T15:06:08.091+0000] {manager.py:740} INFO - There are 0 files in /opt/airflow/dags
[2026-06-15T15:11:08.322+0000] {manager.py:737} INFO - Searching for files in /opt/airflow/dags
[2026-06-15T15:11:08.330+0000] {manager.py:740} INFO - There are 0 files in /opt/airflow/dags
[2026-06-15T15:16:08.534+0000] {manager.py:737} INFO - Searching for files in /opt/airflow/dags
[2026-06-15T15:16:08.538+0000] {manager.py:740} INFO - There are 0 files in /opt/airflow/dags
[2026-06-15T15:21:08.751+0000] {manager.py:737} INFO - Searching for files in /opt/airflow/dags
[2026-06-15T15:21:08.755+0000] {manager.py:740} INFO - There are 0 files in /opt/airflow/dags
[2026-06-15T15:26:08.974+0000] {manager.py:737} INFO - Searching for files in /opt/airflow/dags
[2026-06-15T15:26:08.978+0000] {manager.py:740} INFO - There are 0 files in /opt/airflow/dags
[2026-06-15T15:31:09.191+0000] {manager.py:737} INFO - Searching for files in /opt/airflow/dags
[2026-06-15T15:31:09.194+0000] {manager.py:740} INFO - There are 0 files in /opt/airflow/dags
[2026-06-15T15:36:09.437+0000] {manager.py:737} INFO - Searching for files in /opt/airflow/dags
[2026-06-15T15:36:09.442+0000] {manager.py:740} INFO - There are 0 files in /opt/airflow/dags
[2026-06-15T15:41:09.659+0000] {manager.py:737} INFO - Searching for files in /opt/airflow/dags
[2026-06-15T15:41:09.665+0000] {manager.py:740} INFO - There are 0 files in /opt/airflow/dags
[2026-06-15T15:46:09.871+0000] {manager.py:737} INFO - Searching for files in /opt/airflow/dags
[2026-06-15T15:46:09.876+0000] {manager.py:740} INFO - There are 0 files in /opt/airflow/dags
[2026-06-15T15:51:10.073+0000] {manager.py:737} INFO - Searching for files in /opt/airflow/dags
[2026-06-15T15:51:10.077+0000] {manager.py:740} INFO - There are 0 files in /opt/airflow/dags
[2026-06-15T15:56:10.261+0000] {manager.py:737} INFO - Searching for files in /opt/airflow/dags
[2026-06-15T15:56:10.265+0000] {manager.py:740} INFO - There are 0 files in /opt/airflow/dags
[2026-06-15T16:01:10.457+0000] {manager.py:737} INFO - Searching for files in /opt/airflow/dags
[2026-06-15T16:01:10.461+0000] {manager.py:740} INFO - There are 0 files in /opt/airflow/dags
[2026-06-15T16:06:10.723+0000] {manager.py:737} INFO - Searching for files in /opt/airflow/dags
[2026-06-15T16:06:10.727+0000] {manager.py:740} INFO - There are 0 files in /opt/airflow/dags
[2026-06-15T16:11:10.949+0000] {manager.py:737} INFO - Searching for files in /opt/airflow/dags
[2026-06-15T16:11:10.953+0000] {manager.py:740} INFO - There are 0 files in /opt/airflow/dags
[2026-06-15T16:16:11.116+0000] {manager.py:737} INFO - Searching for files in /opt/airflow/dags
[2026-06-15T16:16:11.120+0000] {manager.py:740} INFO - There are 0 files in /opt/airflow/dags
[2026-06-15T16:21:11.240+0000] {manager.py:737} INFO - Searching for files in /opt/airflow/dags
[2026-06-15T16:21:11.244+0000] {manager.py:740} INFO - There are 0 files in /opt/airflow/dags
[2026-06-15T16:26:11.374+0000] {manager.py:737} INFO - Searching for files in /opt/airflow/dags
[2026-06-15T16:26:11.377+0000] {manager.py:740} INFO - There are 0 files in /opt/airflow/dags
[2026-06-15T16:31:11.481+0000] {manager.py:737} INFO - Searching for files in /opt/airflow/dags
[2026-06-15T16:31:11.485+0000] {manager.py:740} INFO - There are 0 files in /opt/airflow/dags
[2026-06-15T16:36:11.570+0000] {manager.py:737} INFO - Searching for files in /opt/airflow/dags
[2026-06-15T16:36:11.573+0000] {manager.py:740} INFO - There are 0 files in /opt/airflow/dags
[2026-06-15T21:30:48.847+0000] {manager.py:737} INFO - Searching for files in /opt/airflow/dags
[2026-06-15T21:30:48.850+0000] {manager.py:740} INFO - There are 0 files in /opt/airflow/dags
[2026-06-15T21:35:49.009+0000] {manager.py:737} INFO - Searching for files in /opt/airflow/dags
[2026-06-15T21:35:49.013+0000] {manager.py:740} INFO - There are 0 files in /opt/airflow/dags
[2026-06-15T21:40:49.233+0000] {manager.py:737} INFO - Searching for files in /opt/airflow/dags
[2026-06-15T21:40:49.236+0000] {manager.py:740} INFO - There are 0 files in /opt/airflow/dags
[2026-06-15T21:45:49.461+0000] {manager.py:737} INFO - Searching for files in /opt/airflow/dags
[2026-06-15T21:45:49.465+0000] {manager.py:740} INFO - There are 0 files in /opt/airflow/dags
[2026-06-15T21:50:49.684+0000] {manager.py:737} INFO - Searching for files in /opt/airflow/dags
[2026-06-15T21:50:49.689+0000] {manager.py:740} INFO - There are 0 files in /opt/airflow/dags
[2026-06-15T21:55:49.886+0000] {manager.py:737} INFO - Searching for files in /opt/airflow/dags
[2026-06-15T21:55:49.890+0000] {manager.py:740} INFO - There are 0 files in /opt/airflow/dags
[2026-06-15T22:00:50.081+0000] {manager.py:737} INFO - Searching for files in /opt/airflow/dags
[2026-06-15T22:00:50.088+0000] {manager.py:740} INFO - There are 0 files in /opt/airflow/dags
[2026-06-15T22:05:50.393+0000] {manager.py:737} INFO - Searching for files in /opt/airflow/dags
[2026-06-15T22:05:50.397+0000] {manager.py:740} INFO - There are 0 files in /opt/airflow/dags
[2026-06-15T22:10:50.578+0000] {manager.py:737} INFO - Searching for files in /opt/airflow/dags
[2026-06-15T22:10:50.582+0000] {manager.py:740} INFO - There are 0 files in /opt/airflow/dags
[2026-06-15T22:15:50.783+0000] {manager.py:737} INFO - Searching for files in /opt/airflow/dags
[2026-06-15T22:15:50.787+0000] {manager.py:740} INFO - There are 0 files in /opt/airflow/dags
[2026-06-15T22:20:51.029+0000] {manager.py:737} INFO - Searching for files in /opt/airflow/dags
[2026-06-15T22:20:51.035+0000] {manager.py:740} INFO - There are 0 files in /opt/airflow/dags
[2026-06-15T22:25:51.251+0000] {manager.py:737} INFO - Searching for files in /opt/airflow/dags
[2026-06-15T22:25:51.256+0000] {manager.py:740} INFO - There are 0 files in /opt/airflow/dags
[2026-06-15T22:30:51.486+0000] {manager.py:737} INFO - Searching for files in /opt/airflow/dags
[2026-06-15T22:30:51.490+0000] {manager.py:740} INFO - There are 0 files in /opt/airflow/dags
[2026-06-15T22:35:51.718+0000] {manager.py:737} INFO - Searching for files in /opt/airflow/dags
[2026-06-15T22:35:51.723+0000] {manager.py:740} INFO - There are 0 files in /opt/airflow/dags
[2026-06-15T22:40:51.964+0000] {manager.py:737} INFO - Searching for files in /opt/airflow/dags
[2026-06-15T22:40:51.970+0000] {manager.py:740} INFO - There are 0 files in /opt/airflow/dags
[2026-06-15T22:45:52.172+0000] {manager.py:737} INFO - Searching for files in /opt/airflow/dags
[2026-06-15T22:45:52.177+0000] {manager.py:740} INFO - There are 0 files in /opt/airflow/dags
[2026-06-15T22:50:52.381+0000] {manager.py:737} INFO - Searching for files in /opt/airflow/dags
[2026-06-15T22:50:52.387+0000] {manager.py:740} INFO - There are 0 files in /opt/airflow/dags
[2026-06-15T22:55:52.578+0000] {manager.py:737} INFO - Searching for files in /opt/airflow/dags
[2026-06-15T22:55:52.584+0000] {manager.py:740} INFO - There are 0 files in /opt/airflow/dags
[2026-06-15T23:00:52.796+0000] {manager.py:737} INFO - Searching for files in /opt/airflow/dags
[2026-06-15T23:00:52.801+0000] {manager.py:740} INFO - There are 0 files in /opt/airflow/dags
[2026-06-15T23:05:53.005+0000] {manager.py:737} INFO - Searching for files in /opt/airflow/dags
[2026-06-15T23:05:53.009+0000] {manager.py:740} INFO - There are 0 files in /opt/airflow/dags
[2026-06-15T23:10:53.200+0000] {manager.py:737} INFO - Searching for files in /opt/airflow/dags
[2026-06-15T23:10:53.204+0000] {manager.py:740} INFO - There are 0 files in /opt/airflow/dags
[2026-06-15T23:15:53.387+0000] {manager.py:737} INFO - Searching for files in /opt/airflow/dags
[2026-06-15T23:15:53.391+0000] {manager.py:740} INFO - There are 0 files in /opt/airflow/dags
[2026-06-15T23:20:53.589+0000] {manager.py:737} INFO - Searching for files in /opt/airflow/dags
[2026-06-15T23:20:53.593+0000] {manager.py:740} INFO - There are 0 files in /opt/airflow/dags
[2026-06-15T23:25:53.774+0000] {manager.py:737} INFO - Searching for files in /opt/airflow/dags
[2026-06-15T23:25:53.779+0000] {manager.py:740} INFO - There are 0 files in /opt/airflow/dags
[2026-06-15T23:30:54.028+0000] {manager.py:737} INFO - Searching for files in /opt/airflow/dags
[2026-06-15T23:30:54.034+0000] {manager.py:740} INFO - There are 0 files in /opt/airflow/dags
[2026-06-15T23:35:54.373+0000] {manager.py:737} INFO - Searching for files in /opt/airflow/dags
[2026-06-15T23:35:54.382+0000] {manager.py:740} INFO - There are 0 files in /opt/airflow/dags
[2026-06-15T23:40:54.685+0000] {manager.py:737} INFO - Searching for files in /opt/airflow/dags
[2026-06-15T23:40:54.691+0000] {manager.py:740} INFO - There are 0 files in /opt/airflow/dags
[2026-06-15T23:45:54.968+0000] {manager.py:737} INFO - Searching for files in /opt/airflow/dags
[2026-06-15T23:45:54.974+0000] {manager.py:740} INFO - There are 0 files in /opt/airflow/dags
[2026-06-15T23:50:55.257+0000] {manager.py:737} INFO - Searching for files in /opt/airflow/dags
[2026-06-15T23:50:55.263+0000] {manager.py:740} INFO - There are 0 files in /opt/airflow/dags
[2026-06-15T23:55:55.522+0000] {manager.py:737} INFO - Searching for files in /opt/airflow/dags
[2026-06-15T23:55:55.528+0000] {manager.py:740} INFO - There are 0 files in /opt/airflow/dags
[2026-06-16T00:00:55.810+0000] {manager.py:737} INFO - Searching for files in /opt/airflow/dags
[2026-06-16T00:00:55.815+0000] {manager.py:740} INFO - There are 0 files in /opt/airflow/dags
[2026-06-16T00:05:56.093+0000] {manager.py:737} INFO - Searching for files in /opt/airflow/dags
[2026-06-16T00:05:56.098+0000] {manager.py:740} INFO - There are 0 files in /opt/airflow/dags
[2026-06-16T00:10:56.335+0000] {manager.py:737} INFO - Searching for files in /opt/airflow/dags
[2026-06-16T00:10:56.339+0000] {manager.py:740} INFO - There are 0 files in /opt/airflow/dags
[2026-06-16T00:15:56.484+0000] {manager.py:737} INFO - Searching for files in /opt/airflow/dags
[2026-06-16T00:15:56.488+0000] {manager.py:740} INFO - There are 0 files in /opt/airflow/dags
[2026-06-16T00:20:56.615+0000] {manager.py:737} INFO - Searching for files in /opt/airflow/dags
[2026-06-16T00:20:56.621+0000] {manager.py:740} INFO - There are 0 files in /opt/airflow/dags
[2026-06-16T00:25:56.737+0000] {manager.py:737} INFO - Searching for files in /opt/airflow/dags
[2026-06-16T00:25:56.742+0000] {manager.py:740} INFO - There are 0 files in /opt/airflow/dags
[2026-06-16T10:41:57.856+0000] {manager.py:737} INFO - Searching for files in /opt/airflow/dags
[2026-06-16T10:41:57.861+0000] {manager.py:740} INFO - There are 0 files in /opt/airflow/dags
[2026-06-16T10:44:46.079+0000] {manager.py:452} INFO - Exiting gracefully upon receiving signal 15
[2026-06-17T15:16:17.846+0000] {manager.py:470} INFO - Processing files using up to 2 processes at a time 
[2026-06-17T15:16:17.848+0000] {manager.py:471} INFO - Process each file at most once every 30 seconds
[2026-06-17T15:16:17.849+0000] {manager.py:472} INFO - Checking for new files in /opt/airflow/dags every 300 seconds
[2026-06-17T15:16:17.850+0000] {manager.py:737} INFO - Searching for files in /opt/airflow/dags
[2026-06-17T15:16:17.855+0000] {manager.py:740} INFO - There are 0 files in /opt/airflow/dags
[2026-06-17T15:21:18.075+0000] {manager.py:737} INFO - Searching for files in /opt/airflow/dags
[2026-06-17T15:21:18.080+0000] {manager.py:740} INFO - There are 0 files in /opt/airflow/dags
[2026-06-17T15:26:18.270+0000] {manager.py:737} INFO - Searching for files in /opt/airflow/dags
[2026-06-17T15:26:18.274+0000] {manager.py:740} INFO - There are 0 files in /opt/airflow/dags
[2026-06-17T15:31:18.495+0000] {manager.py:737} INFO - Searching for files in /opt/airflow/dags
[2026-06-17T15:31:18.499+0000] {manager.py:740} INFO - There are 0 files in /opt/airflow/dags
[2026-06-17T15:36:18.719+0000] {manager.py:737} INFO - Searching for files in /opt/airflow/dags
[2026-06-17T15:36:18.723+0000] {manager.py:740} INFO - There are 0 files in /opt/airflow/dags
[2026-06-17T15:40:34.658+0000] {manager.py:452} INFO - Exiting gracefully upon receiving signal 15
[2026-06-17T15:41:50.521+0000] {manager.py:470} INFO - Processing files using up to 2 processes at a time 
[2026-06-17T15:41:50.522+0000] {manager.py:471} INFO - Process each file at most once every 30 seconds
[2026-06-17T15:41:50.523+0000] {manager.py:472} INFO - Checking for new files in /opt/airflow/dags every 300 seconds
[2026-06-17T15:41:50.524+0000] {manager.py:737} INFO - Searching for files in /opt/airflow/dags
[2026-06-17T15:41:50.528+0000] {manager.py:740} INFO - There are 0 files in /opt/airflow/dags
[2026-06-17T15:46:50.735+0000] {manager.py:737} INFO - Searching for files in /opt/airflow/dags
[2026-06-17T15:46:50.739+0000] {manager.py:740} INFO - There are 0 files in /opt/airflow/dags
[2026-06-17T15:51:50.946+0000] {manager.py:737} INFO - Searching for files in /opt/airflow/dags
[2026-06-17T15:51:50.950+0000] {manager.py:740} INFO - There are 0 files in /opt/airflow/dags
[2026-06-17T15:56:51.181+0000] {manager.py:737} INFO - Searching for files in /opt/airflow/dags
[2026-06-17T15:56:51.185+0000] {manager.py:740} INFO - There are 0 files in /opt/airflow/dags
[2026-06-17T16:01:51.379+0000] {manager.py:737} INFO - Searching for files in /opt/airflow/dags
[2026-06-17T16:01:51.383+0000] {manager.py:740} INFO - There are 0 files in /opt/airflow/dags
[2026-06-17T16:06:51.562+0000] {manager.py:737} INFO - Searching for files in /opt/airflow/dags
[2026-06-17T16:06:51.566+0000] {manager.py:740} INFO - There are 0 files in /opt/airflow/dags
[2026-06-17T16:11:51.798+0000] {manager.py:737} INFO - Searching for files in /opt/airflow/dags
[2026-06-17T16:11:51.802+0000] {manager.py:740} INFO - There are 0 files in /opt/airflow/dags
[2026-06-17T16:16:52.030+0000] {manager.py:737} INFO - Searching for files in /opt/airflow/dags
[2026-06-17T16:16:52.035+0000] {manager.py:740} INFO - There are 0 files in /opt/airflow/dags
[2026-06-17T16:19:06.663+0000] {manager.py:452} INFO - Exiting gracefully upon receiving signal 15
[2026-06-17T16:20:24.497+0000] {manager.py:470} INFO - Processing files using up to 2 processes at a time 
[2026-06-17T16:20:24.501+0000] {manager.py:471} INFO - Process each file at most once every 30 seconds
[2026-06-17T16:20:24.506+0000] {manager.py:472} INFO - Checking for new files in /opt/airflow/dags every 300 seconds
[2026-06-17T16:20:24.508+0000] {manager.py:737} INFO - Searching for files in /opt/airflow/dags
[2026-06-17T16:20:24.517+0000] {manager.py:740} INFO - There are 0 files in /opt/airflow/dags
[2026-06-17T16:23:17.285+0000] {manager.py:452} INFO - Exiting gracefully upon receiving signal 15
[2026-06-17T16:26:47.553+0000] {manager.py:470} INFO - Processing files using up to 2 processes at a time 
[2026-06-17T16:26:47.554+0000] {manager.py:471} INFO - Process each file at most once every 30 seconds
[2026-06-17T16:26:47.555+0000] {manager.py:472} INFO - Checking for new files in /opt/airflow/dags every 300 seconds
[2026-06-17T16:26:47.555+0000] {manager.py:737} INFO - Searching for files in /opt/airflow/dags
[2026-06-17T16:26:47.560+0000] {manager.py:740} INFO - There are 0 files in /opt/airflow/dags
[2026-06-17T16:31:47.795+0000] {manager.py:737} INFO - Searching for files in /opt/airflow/dags
[2026-06-17T16:31:47.799+0000] {manager.py:740} INFO - There are 0 files in /opt/airflow/dags
[2026-06-17T16:34:32.880+0000] {manager.py:452} INFO - Exiting gracefully upon receiving signal 15
[2026-06-17T16:35:42.902+0000] {manager.py:470} INFO - Processing files using up to 2 processes at a time 
[2026-06-17T16:35:42.903+0000] {manager.py:471} INFO - Process each file at most once every 30 seconds
[2026-06-17T16:35:42.904+0000] {manager.py:472} INFO - Checking for new files in /opt/airflow/dags every 300 seconds
[2026-06-17T16:35:42.905+0000] {manager.py:737} INFO - Searching for files in /opt/airflow/dags
[2026-06-17T16:35:42.909+0000] {manager.py:740} INFO - There are 0 files in /opt/airflow/dags
[2026-06-17T16:40:43.143+0000] {manager.py:737} INFO - Searching for files in /opt/airflow/dags
[2026-06-17T16:40:43.147+0000] {manager.py:740} INFO - There are 0 files in /opt/airflow/dags
[2026-06-17T16:45:43.321+0000] {manager.py:737} INFO - Searching for files in /opt/airflow/dags
[2026-06-17T16:45:43.324+0000] {manager.py:740} INFO - There are 0 files in /opt/airflow/dags
[2026-06-17T16:50:43.497+0000] {manager.py:737} INFO - Searching for files in /opt/airflow/dags
[2026-06-17T16:50:43.501+0000] {manager.py:740} INFO - There are 0 files in /opt/airflow/dags
[2026-06-17T16:55:43.641+0000] {manager.py:737} INFO - Searching for files in /opt/airflow/dags
[2026-06-17T16:55:43.645+0000] {manager.py:740} INFO - There are 0 files in /opt/airflow/dags
[2026-06-17T16:59:10.765+0000] {manager.py:452} INFO - Exiting gracefully upon receiving signal 15
[2026-06-20T07:35:07.231+0000] {manager.py:470} INFO - Processing files using up to 2 processes at a time 
[2026-06-20T07:35:07.235+0000] {manager.py:471} INFO - Process each file at most once every 30 seconds
[2026-06-20T07:35:07.236+0000] {manager.py:472} INFO - Checking for new files in /opt/airflow/dags every 300 seconds
[2026-06-20T07:35:07.237+0000] {manager.py:737} INFO - Searching for files in /opt/airflow/dags
[2026-06-20T07:35:07.241+0000] {manager.py:740} INFO - There are 0 files in /opt/airflow/dags
[2026-06-20T07:40:07.443+0000] {manager.py:737} INFO - Searching for files in /opt/airflow/dags
[2026-06-20T07:40:07.448+0000] {manager.py:740} INFO - There are 0 files in /opt/airflow/dags
[2026-06-20T07:45:07.647+0000] {manager.py:737} INFO - Searching for files in /opt/airflow/dags
[2026-06-20T07:45:07.651+0000] {manager.py:740} INFO - There are 0 files in /opt/airflow/dags
[2026-06-20T07:50:07.866+0000] {manager.py:737} INFO - Searching for files in /opt/airflow/dags
[2026-06-20T07:50:07.871+0000] {manager.py:740} INFO - There are 0 files in /opt/airflow/dags
[2026-06-20T07:52:58.547+0000] {manager.py:452} INFO - Exiting gracefully upon receiving signal 15
